[beinternetawesome.withgoogle.com/vi_vn/interland/dong-song-thuc-te.html]
[backblue.gif]
[fade.gif]
[index.html]
[beinternetawesome.withgoogle.com/images/interland.png]
[beinternetawesome.withgoogle.com/third_party/modernizrb947.js]
[beinternetawesome.withgoogle.com/interland/stylesb947.css]
[beinternetawesome.withgoogle.com/images/favicon-16x16.png]
[beinternetawesome.withgoogle.com/images/favicon-32x32.png]
[beinternetawesome.withgoogle.com/images/favicon-96x96.png]
[beinternetawesome.withgoogle.com/third_party/js/lottie.min.js]
[ajax.googleapis.com/ajax/libs/jquery/3.1.1/jquery.slim.min.js]
[beinternetawesome.withgoogle.com/third_party/js/jquery/jquery-3.1.1.slim.min.js]
[beinternetawesome.withgoogle.com/interland/third-party-interland.minb947.js]
[beinternetawesome.withgoogle.com/interland/main-bundledb947.js]
[beinternetawesome.withgoogle.com/third_party/js/jspdf.min.js]
[www.google-analytics.com/analytics.js]
[beinternetawesome.withgoogle.com/vi_vn/interland/dong-song-thuc-te.html]
[beinternetawesome.withgoogle.com/interland/games/tower-of-treasure/assets/textures/collectible1.png]
[beinternetawesome.withgoogle.com/interland/games/tower-of-treasure/assets/textures/collectible2.png]
[beinternetawesome.withgoogle.com/interland/games/tower-of-treasure/assets/textures/collectible3.png]
[beinternetawesome.withgoogle.com/interland/games/tower-of-treasure/assets/textures/collectible4.png]
[beinternetawesome.withgoogle.com/interland/stylesb947.css]
